Archive member included because of file (symbol)

C:\Marmalade\7.8\s3e\edk\lib\android/libedk.a(IwDebug.o)
                              debug\bluetooth_platform.os (IwDebugTraceIsChannelOn)
C:\Marmalade\7.8\s3e\edk\lib\android/libedk.a(edk_helpers.o)
                              debug\bluetooth_platform.os (s3eEdkThreadRunOnOS)
c:/android/ndk-r10d/toolchains/arm-linux-androideabi-4.8/prebuilt/windows/bin/../lib/gcc/arm-linux-androideabi/4.8/libgcc.a(_aeabi_ldivmod.o)
                              C:\Marmalade\7.8\s3e\edk\lib\android/libedk.a(IwDebug.o) (__aeabi_ldivmod)
c:/android/ndk-r10d/toolchains/arm-linux-androideabi-4.8/prebuilt/windows/bin/../lib/gcc/arm-linux-androideabi/4.8/libgcc.a(_dvmd_lnx.o)
                              c:/android/ndk-r10d/toolchains/arm-linux-androideabi-4.8/prebuilt/windows/bin/../lib/gcc/arm-linux-androideabi/4.8/libgcc.a(_aeabi_ldivmod.o) (__aeabi_ldiv0)
c:/android/ndk-r10d/toolchains/arm-linux-androideabi-4.8/prebuilt/windows/bin/../lib/gcc/arm-linux-androideabi/4.8/libgcc.a(bpabi.o)
                              c:/android/ndk-r10d/toolchains/arm-linux-androideabi-4.8/prebuilt/windows/bin/../lib/gcc/arm-linux-androideabi/4.8/libgcc.a(_aeabi_ldivmod.o) (__gnu_ldivmod_helper)
c:/android/ndk-r10d/toolchains/arm-linux-androideabi-4.8/prebuilt/windows/bin/../lib/gcc/arm-linux-androideabi/4.8/libgcc.a(unwind-arm.o)
                              c:/android/ndk-r10d/toolchains/arm-linux-androideabi-4.8/prebuilt/windows/bin/../lib/gcc/arm-linux-androideabi/4.8/libgcc.a(bpabi.o) (__aeabi_unwind_cpp_pr0)
c:/android/ndk-r10d/toolchains/arm-linux-androideabi-4.8/prebuilt/windows/bin/../lib/gcc/arm-linux-androideabi/4.8/libgcc.a(libunwind.o)
                              c:/android/ndk-r10d/toolchains/arm-linux-androideabi-4.8/prebuilt/windows/bin/../lib/gcc/arm-linux-androideabi/4.8/libgcc.a(unwind-arm.o) (restore_core_regs)
c:/android/ndk-r10d/toolchains/arm-linux-androideabi-4.8/prebuilt/windows/bin/../lib/gcc/arm-linux-androideabi/4.8/libgcc.a(pr-support.o)
                              c:/android/ndk-r10d/toolchains/arm-linux-androideabi-4.8/prebuilt/windows/bin/../lib/gcc/arm-linux-androideabi/4.8/libgcc.a(unwind-arm.o) (__gnu_unwind_execute)
c:/android/ndk-r10d/toolchains/arm-linux-androideabi-4.8/prebuilt/windows/bin/../lib/gcc/arm-linux-androideabi/4.8/libgcc.a(_divdi3.o)
                              c:/android/ndk-r10d/toolchains/arm-linux-androideabi-4.8/prebuilt/windows/bin/../lib/gcc/arm-linux-androideabi/4.8/libgcc.a(bpabi.o) (__divdi3)
c:/android/ndk-r10d/toolchains/arm-linux-androideabi-4.8/prebuilt/windows/bin/../lib/gcc/arm-linux-androideabi/4.8/libgcc.a(_udivdi3.o)
                              c:/android/ndk-r10d/toolchains/arm-linux-androideabi-4.8/prebuilt/windows/bin/../lib/gcc/arm-linux-androideabi/4.8/libgcc.a(bpabi.o) (__udivdi3)
c:/android/ndk-r10d/toolchains/arm-linux-androideabi-4.8/prebuilt/windows/bin/../lib/gcc/arm-linux-androideabi/4.8/libgcc.a(_udivsi3.o)
                              c:/android/ndk-r10d/toolchains/arm-linux-androideabi-4.8/prebuilt/windows/bin/../lib/gcc/arm-linux-androideabi/4.8/libgcc.a(_divdi3.o) (__aeabi_uidiv)

Discarded input sections

 .text          0x00000000       0x34 C:/android/ndk-r10d/platforms/android-14/arch-arm/usr/lib/crtbegin_so.o
 .bss           0x00000000        0x0 C:/android/ndk-r10d/platforms/android-14/arch-arm/usr/lib/crtbegin_so.o
 .note.GNU-stack
                0x00000000        0x0 C:/android/ndk-r10d/platforms/android-14/arch-arm/usr/lib/crtbegin_so.o
 .group         0x00000000        0x8 debug\bluetooth_platform.os
 .group         0x00000000        0x8 debug\bluetooth_platform.os
 .group         0x00000000        0x8 debug\bluetooth_platform.os
 .group         0x00000000        0x8 debug\bluetooth_platform.os
 .group         0x00000000        0x8 debug\bluetooth_platform.os
 .group         0x00000000        0x8 debug\bluetooth_platform.os
 .group         0x00000000        0x8 debug\bluetooth_platform.os
 .group         0x00000000        0x8 debug\bluetooth_platform.os
 .group         0x00000000        0x8 debug\bluetooth_platform.os
 .group         0x00000000        0x8 debug\bluetooth_platform.os
 .group         0x00000000        0x8 debug\bluetooth_platform.os
 .group         0x00000000        0x8 debug\bluetooth_platform.os
 .group         0x00000000        0x8 debug\bluetooth_platform.os
 .group         0x00000000        0x8 debug\bluetooth_platform.os
 .group         0x00000000        0x8 debug\bluetooth_platform.os
 .text          0x00000000        0x0 debug\bluetooth_platform.os
 .data          0x00000000        0x0 debug\bluetooth_platform.os
 .note.GNU-stack
                0x00000000        0x0 debug\bluetooth_platform.os
 .text          0x00000000        0x0 debug\bluetooth.os
 .data          0x00000000        0x0 debug\bluetooth.os
 .bss           0x00000000        0x0 debug\bluetooth.os
 .note.GNU-stack
                0x00000000        0x0 debug\bluetooth.os
 .text          0x00000000        0x0 debug\bluetooth_register.os
 .data          0x00000000        0x0 debug\bluetooth_register.os
 .bss           0x00000000        0x0 debug\bluetooth_register.os
 .note.GNU-stack
                0x00000000        0x0 debug\bluetooth_register.os
 .text          0x00000000        0x0 C:\Marmalade\7.8\s3e\edk\lib\android/libedk.a(IwDebug.o)
 .data          0x00000000        0x0 C:\Marmalade\7.8\s3e\edk\lib\android/libedk.a(IwDebug.o)
 .text.IwDebugClearConfigCache
                0x00000000       0x80 C:\Marmalade\7.8\s3e\edk\lib\android/libedk.a(IwDebug.o)
 .text.IwDebugAssertIsChannelOn
                0x00000000      0x1ec C:\Marmalade\7.8\s3e\edk\lib\android/libedk.a(IwDebug.o)
 .text.IwDebugAssertShow
                0x00000000      0x2e8 C:\Marmalade\7.8\s3e\edk\lib\android/libedk.a(IwDebug.o)
 .text.IwDebugAssertSetSolution
                0x00000000       0xb4 C:\Marmalade\7.8\s3e\edk\lib\android/libedk.a(IwDebug.o)
 .text.IwDebugAssertSetMessage
                0x00000000       0xfc C:\Marmalade\7.8\s3e\edk\lib\android/libedk.a(IwDebug.o)
 .text.IwAssertRegisterTextCallback
                0x00000000       0x1c C:\Marmalade\7.8\s3e\edk\lib\android/libedk.a(IwDebug.o)
 .text.IwAssertRegisterCallback
                0x00000000       0x1c C:\Marmalade\7.8\s3e\edk\lib\android/libedk.a(IwDebug.o)
 .text.IwDebugTraceDisable
                0x00000000       0x10 C:\Marmalade\7.8\s3e\edk\lib\android/libedk.a(IwDebug.o)
 .text.IwDebugTraceChannelSwitch
                0x00000000      0x1e4 C:\Marmalade\7.8\s3e\edk\lib\android/libedk.a(IwDebug.o)
 .text.IwDebugErrorRegisterCallback
                0x00000000       0x1c C:\Marmalade\7.8\s3e\edk\lib\android/libedk.a(IwDebug.o)
 .text.IwDebugErrorShow
                0x00000000      0x108 C:\Marmalade\7.8\s3e\edk\lib\android/libedk.a(IwDebug.o)
 .text.IwDebugAssertSetUID
                0x00000000       0x14 C:\Marmalade\7.8\s3e\edk\lib\android/libedk.a(IwDebug.o)
 .note.GNU-stack
                0x00000000        0x0 C:\Marmalade\7.8\s3e\edk\lib\android/libedk.a(IwDebug.o)
 .text          0x00000000        0x0 C:\Marmalade\7.8\s3e\edk\lib\android/libedk.a(edk_helpers.o)
 .data          0x00000000        0x0 C:\Marmalade\7.8\s3e\edk\lib\android/libedk.a(edk_helpers.o)
 .bss           0x00000000        0x0 C:\Marmalade\7.8\s3e\edk\lib\android/libedk.a(edk_helpers.o)
 .text.s3eEdkErrorSetString
                0x00000000       0x30 C:\Marmalade\7.8\s3e\edk\lib\android/libedk.a(edk_helpers.o)
 .text.s3eEdkThreadRunOnOSAsync
                0x00000000       0x30 C:\Marmalade\7.8\s3e\edk\lib\android/libedk.a(edk_helpers.o)
 .note.GNU-stack
                0x00000000        0x0 C:\Marmalade\7.8\s3e\edk\lib\android/libedk.a(edk_helpers.o)
 .data          0x00000000        0x0 c:/android/ndk-r10d/toolchains/arm-linux-androideabi-4.8/prebuilt/windows/bin/../lib/gcc/arm-linux-androideabi/4.8/libgcc.a(_aeabi_ldivmod.o)
 .bss           0x00000000        0x0 c:/android/ndk-r10d/toolchains/arm-linux-androideabi-4.8/prebuilt/windows/bin/../lib/gcc/arm-linux-androideabi/4.8/libgcc.a(_aeabi_ldivmod.o)
 .note.GNU-stack
                0x00000000        0x0 c:/android/ndk-r10d/toolchains/arm-linux-androideabi-4.8/prebuilt/windows/bin/../lib/gcc/arm-linux-androideabi/4.8/libgcc.a(_aeabi_ldivmod.o)
 .data          0x00000000        0x0 c:/android/ndk-r10d/toolchains/arm-linux-androideabi-4.8/prebuilt/windows/bin/../lib/gcc/arm-linux-androideabi/4.8/libgcc.a(_dvmd_lnx.o)
 .bss           0x00000000        0x0 c:/android/ndk-r10d/toolchains/arm-linux-androideabi-4.8/prebuilt/windows/bin/../lib/gcc/arm-linux-androideabi/4.8/libgcc.a(_dvmd_lnx.o)
 .note.GNU-stack
                0x00000000        0x0 c:/android/ndk-r10d/toolchains/arm-linux-androideabi-4.8/prebuilt/windows/bin/../lib/gcc/arm-linux-androideabi/4.8/libgcc.a(_dvmd_lnx.o)
 .data          0x00000000        0x0 c:/android/ndk-r10d/toolchains/arm-linux-androideabi-4.8/prebuilt/windows/bin/../lib/gcc/arm-linux-androideabi/4.8/libgcc.a(bpabi.o)
 .bss           0x00000000        0x0 c:/android/ndk-r10d/toolchains/arm-linux-androideabi-4.8/prebuilt/windows/bin/../lib/gcc/arm-linux-androideabi/4.8/libgcc.a(bpabi.o)
 .ARM.extab     0x00000000        0x0 c:/android/ndk-r10d/toolchains/arm-linux-androideabi-4.8/prebuilt/windows/bin/../lib/gcc/arm-linux-androideabi/4.8/libgcc.a(bpabi.o)
 .note.GNU-stack
                0x00000000        0x0 c:/android/ndk-r10d/toolchains/arm-linux-androideabi-4.8/prebuilt/windows/bin/../lib/gcc/arm-linux-androideabi/4.8/libgcc.a(bpabi.o)
 .data          0x00000000        0x0 c:/android/ndk-r10d/toolchains/arm-linux-androideabi-4.8/prebuilt/windows/bin/../lib/gcc/arm-linux-androideabi/4.8/libgcc.a(unwind-arm.o)
 .bss           0x00000000        0x0 c:/android/ndk-r10d/toolchains/arm-linux-androideabi-4.8/prebuilt/windows/bin/../lib/gcc/arm-linux-androideabi/4.8/libgcc.a(unwind-arm.o)
 .note.GNU-stack
                0x00000000        0x0 c:/android/ndk-r10d/toolchains/arm-linux-androideabi-4.8/prebuilt/windows/bin/../lib/gcc/arm-linux-androideabi/4.8/libgcc.a(unwind-arm.o)
 .data          0x00000000        0x0 c:/android/ndk-r10d/toolchains/arm-linux-androideabi-4.8/prebuilt/windows/bin/../lib/gcc/arm-linux-androideabi/4.8/libgcc.a(libunwind.o)
 .bss           0x00000000        0x0 c:/android/ndk-r10d/toolchains/arm-linux-androideabi-4.8/prebuilt/windows/bin/../lib/gcc/arm-linux-androideabi/4.8/libgcc.a(libunwind.o)
 .note.GNU-stack
                0x00000000        0x0 c:/android/ndk-r10d/toolchains/arm-linux-androideabi-4.8/prebuilt/windows/bin/../lib/gcc/arm-linux-androideabi/4.8/libgcc.a(libunwind.o)
 .data          0x00000000        0x0 c:/android/ndk-r10d/toolchains/arm-linux-androideabi-4.8/prebuilt/windows/bin/../lib/gcc/arm-linux-androideabi/4.8/libgcc.a(pr-support.o)
 .bss           0x00000000        0x0 c:/android/ndk-r10d/toolchains/arm-linux-androideabi-4.8/prebuilt/windows/bin/../lib/gcc/arm-linux-androideabi/4.8/libgcc.a(pr-support.o)
 .note.GNU-stack
                0x00000000        0x0 c:/android/ndk-r10d/toolchains/arm-linux-androideabi-4.8/prebuilt/windows/bin/../lib/gcc/arm-linux-androideabi/4.8/libgcc.a(pr-support.o)
 .data          0x00000000        0x0 c:/android/ndk-r10d/toolchains/arm-linux-androideabi-4.8/prebuilt/windows/bin/../lib/gcc/arm-linux-androideabi/4.8/libgcc.a(_divdi3.o)
 .bss           0x00000000        0x0 c:/android/ndk-r10d/toolchains/arm-linux-androideabi-4.8/prebuilt/windows/bin/../lib/gcc/arm-linux-androideabi/4.8/libgcc.a(_divdi3.o)
 .ARM.extab     0x00000000        0x0 c:/android/ndk-r10d/toolchains/arm-linux-androideabi-4.8/prebuilt/windows/bin/../lib/gcc/arm-linux-androideabi/4.8/libgcc.a(_divdi3.o)
 .note.GNU-stack
                0x00000000        0x0 c:/android/ndk-r10d/toolchains/arm-linux-androideabi-4.8/prebuilt/windows/bin/../lib/gcc/arm-linux-androideabi/4.8/libgcc.a(_divdi3.o)
 .data          0x00000000        0x0 c:/android/ndk-r10d/toolchains/arm-linux-androideabi-4.8/prebuilt/windows/bin/../lib/gcc/arm-linux-androideabi/4.8/libgcc.a(_udivdi3.o)
 .bss           0x00000000        0x0 c:/android/ndk-r10d/toolchains/arm-linux-androideabi-4.8/prebuilt/windows/bin/../lib/gcc/arm-linux-androideabi/4.8/libgcc.a(_udivdi3.o)
 .ARM.extab     0x00000000        0x0 c:/android/ndk-r10d/toolchains/arm-linux-androideabi-4.8/prebuilt/windows/bin/../lib/gcc/arm-linux-androideabi/4.8/libgcc.a(_udivdi3.o)
 .note.GNU-stack
                0x00000000        0x0 c:/android/ndk-r10d/toolchains/arm-linux-androideabi-4.8/prebuilt/windows/bin/../lib/gcc/arm-linux-androideabi/4.8/libgcc.a(_udivdi3.o)
 .data          0x00000000        0x0 c:/android/ndk-r10d/toolchains/arm-linux-androideabi-4.8/prebuilt/windows/bin/../lib/gcc/arm-linux-androideabi/4.8/libgcc.a(_udivsi3.o)
 .bss           0x00000000        0x0 c:/android/ndk-r10d/toolchains/arm-linux-androideabi-4.8/prebuilt/windows/bin/../lib/gcc/arm-linux-androideabi/4.8/libgcc.a(_udivsi3.o)
 .note.GNU-stack
                0x00000000        0x0 c:/android/ndk-r10d/toolchains/arm-linux-androideabi-4.8/prebuilt/windows/bin/../lib/gcc/arm-linux-androideabi/4.8/libgcc.a(_udivsi3.o)
 .text          0x00000000        0x0 C:/android/ndk-r10d/platforms/android-14/arch-arm/usr/lib/crtend_so.o
 .data          0x00000000        0x0 C:/android/ndk-r10d/platforms/android-14/arch-arm/usr/lib/crtend_so.o
 .bss           0x00000000        0x0 C:/android/ndk-r10d/platforms/android-14/arch-arm/usr/lib/crtend_so.o
 .note.GNU-stack
                0x00000000        0x0 C:/android/ndk-r10d/platforms/android-14/arch-arm/usr/lib/crtend_so.o

Memory map

 ** file header
                0x00000000       0x34
 ** segment headers
                0x00000034      0x100

.interp         0x00000134       0x13
 ** fill        0x00000134       0x13

.dynsym         0x00000148      0x580
 ** dynsym      0x00000148      0x580

.dynstr         0x000006c8      0x678
 ** string table
                0x000006c8      0x678

.hash           0x00000d40      0x274
 ** hash        0x00000d40      0x274

.rel.dyn        0x00000fb4       0xe8
 ** dynamic relocs
                0x00000fb4       0xe8

.rel.plt        0x0000109c       0xa0
 ** dynamic relocs
                0x0000109c       0xa0

.plt            0x0000113c      0x104
 ** PLT         0x0000113c      0x104

.text           0x00001240     0x41e8
 .text.exit     0x00001240       0x10 C:/android/ndk-r10d/platforms/android-14/arch-arm/usr/lib/crtbegin_so.o
                0x00001240                __on_dlclose
 .text.startup._GLOBAL__sub_I_IwDebug.cpp
                0x00001250       0x88 C:\Marmalade\7.8\s3e\edk\lib\android/libedk.a(IwDebug.o)
 .text._ZN7_JNIEnv9FindClassEPKc
                0x000012d8       0x38 debug\bluetooth_platform.os
                0x000012d8                _JNIEnv::FindClass(char const*)
 .text._ZN7_JNIEnv17ExceptionOccurredEv
                0x00001310       0x30 debug\bluetooth_platform.os
                0x00001310                _JNIEnv::ExceptionOccurred()
 .text._ZN7_JNIEnv17ExceptionDescribeEv
                0x00001340       0x28 debug\bluetooth_platform.os
                0x00001340                _JNIEnv::ExceptionDescribe()
 .text._ZN7_JNIEnv14ExceptionClearEv
                0x00001368       0x28 debug\bluetooth_platform.os
                0x00001368                _JNIEnv::ExceptionClear()
 .text._ZN7_JNIEnv12NewGlobalRefEP8_jobject
                0x00001390       0x38 debug\bluetooth_platform.os
                0x00001390                _JNIEnv::NewGlobalRef(_jobject*)
 .text._ZN7_JNIEnv15DeleteGlobalRefEP8_jobject
                0x000013c8       0x30 debug\bluetooth_platform.os
                0x000013c8                _JNIEnv::DeleteGlobalRef(_jobject*)
 .text._ZN7_JNIEnv14DeleteLocalRefEP8_jobject
                0x000013f8       0x30 debug\bluetooth_platform.os
                0x000013f8                _JNIEnv::DeleteLocalRef(_jobject*)
 .text._ZN7_JNIEnv9NewObjectEP7_jclassP10_jmethodIDz
                0x00001428       0x58 debug\bluetooth_platform.os
                0x00001428                _JNIEnv::NewObject(_jclass*, _jmethodID*, ...)
 .text._ZN7_JNIEnv11GetMethodIDEP7_jclassPKcS3_
                0x00001480       0x48 debug\bluetooth_platform.os
                0x00001480                _JNIEnv::GetMethodID(_jclass*, char const*, char const*)
 .text._ZN7_JNIEnv17CallBooleanMethodEP8_jobjectP10_jmethodIDz
                0x000014c8       0x5c debug\bluetooth_platform.os
                0x000014c8                _JNIEnv::CallBooleanMethod(_jobject*, _jmethodID*, ...)
 .text._ZN7_JNIEnv13CallIntMethodEP8_jobjectP10_jmethodIDz
                0x00001524       0x58 debug\bluetooth_platform.os
                0x00001524                _JNIEnv::CallIntMethod(_jobject*, _jmethodID*, ...)
 .text._ZN7_JNIEnv15CallFloatMethodEP8_jobjectP10_jmethodIDz
                0x0000157c       0x58 debug\bluetooth_platform.os
                0x0000157c                _JNIEnv::CallFloatMethod(_jobject*, _jmethodID*, ...)
 .text._ZN7_JNIEnv14CallVoidMethodEP8_jobjectP10_jmethodIDz
                0x000015d4       0x4c debug\bluetooth_platform.os
                0x000015d4                _JNIEnv::CallVoidMethod(_jobject*, _jmethodID*, ...)
 .text._ZN7_JNIEnv12NewStringUTFEPKc
                0x00001620       0x38 debug\bluetooth_platform.os
                0x00001620                _JNIEnv::NewStringUTF(char const*)
 .text._ZN7_JavaVM6GetEnvEPPvi
                0x00001658       0x40 debug\bluetooth_platform.os
                0x00001658                _JavaVM::GetEnv(void**, int)
 .text._ZL15s3eEdkJNIGetEnvv
                0x00001698       0x40 debug\bluetooth_platform.os
 .text._ZL27s3eEdkAndroidFindClass_realPKc
                0x000016d8       0x8c debug\bluetooth_platform.os
 .text._ZL22s3eEdkAndroidFindClassPKc
                0x00001764       0x38 debug\bluetooth_platform.os
 .text._Z22bluetoothInit_platformv
                0x0000179c      0x808 debug\bluetooth_platform.os
                0x0000179c                bluetoothInit_platform()
 .text._Z27bluetoothTerminate_platformv
                0x00001fa4        0x4 debug\bluetooth_platform.os
                0x00001fa4                bluetoothTerminate_platform()
 .text._Z23init_bluetooth_platformv
                0x00001fa8       0x60 debug\bluetooth_platform.os
                0x00001fa8                init_bluetooth_platform()
 .text._Z25enable_bluetooth_platformv
                0x00002008       0x48 debug\bluetooth_platform.os
                0x00002008                enable_bluetooth_platform()
 .text._Z26disable_bluetooth_platformv
                0x00002050       0x48 debug\bluetooth_platform.os
                0x00002050                disable_bluetooth_platform()
 .text._Z29is_bluetooth_enabled_platformv
                0x00002098       0x60 debug\bluetooth_platform.os
                0x00002098                is_bluetooth_enabled_platform()
 .text._Z24bluetooth_close_platformv
                0x000020f8       0x48 debug\bluetooth_platform.os
                0x000020f8                bluetooth_close_platform()
 .text._Z41bluetooth_enable_discoverability_platformv
                0x00002140       0x48 debug\bluetooth_platform.os
                0x00002140                bluetooth_enable_discoverability_platform()
 .text._Z33bluetooth_is_discovering_platformv
                0x00002188       0x60 debug\bluetooth_platform.os
                0x00002188                bluetooth_is_discovering_platform()
 .text._Z31bluetooth_setup_client_platformv
                0x000021e8       0x48 debug\bluetooth_platform.os
                0x000021e8                bluetooth_setup_client_platform()
 .text._Z31is_bluetooth_connected_platformv
                0x00002230       0x60 debug\bluetooth_platform.os
                0x00002230                is_bluetooth_connected_platform()
 .text._Z32bluetooth_message_start_platformv
                0x00002290       0x48 debug\bluetooth_platform.os
                0x00002290                bluetooth_message_start_platform()
 .text._Z38bluetooth_message_write_float_platformPKc
                0x000022d8       0x60 debug\bluetooth_platform.os
                0x000022d8                bluetooth_message_write_float_platform(char const*)
 .text._Z36bluetooth_message_write_int_platformi
                0x00002338       0x50 debug\bluetooth_platform.os
                0x00002338                bluetooth_message_write_int_platform(int)
 .text._Z39bluetooth_message_send_current_platformv
                0x00002388       0x48 debug\bluetooth_platform.os
                0x00002388                bluetooth_message_send_current_platform()
 .text._Z29is_bluetooth_message_platformv
                0x000023d0       0x60 debug\bluetooth_platform.os
                0x000023d0                is_bluetooth_message_platform()
 .text._Z35bluetooth_message_read_int_platformv
                0x00002430       0x50 debug\bluetooth_platform.os
                0x00002430                bluetooth_message_read_int_platform()
 .text._Z37bluetooth_message_read_float_platformv
                0x00002480       0x50 debug\bluetooth_platform.os
                0x00002480                bluetooth_message_read_float_platform()
 .text._Z42bluetooth_message_discard_current_platformv
                0x000024d0       0x48 debug\bluetooth_platform.os
                0x000024d0                bluetooth_message_discard_current_platform()
 .text._Z44bluetooth_show_wrong_version_dialog_platformv
                0x00002518       0x48 debug\bluetooth_platform.os
                0x00002518                bluetooth_show_wrong_version_dialog_platform()
 .text._Z13bluetoothInitv
                0x00002560       0x14 debug\bluetooth.os
                0x00002560                bluetoothInit()
 .text._Z18bluetoothTerminatev
                0x00002574        0xc debug\bluetooth.os
                0x00002574                bluetoothTerminate()
 .text.init_bluetooth
                0x00002580       0x14 debug\bluetooth.os
                0x00002580                init_bluetooth
 .text.enable_bluetooth
                0x00002594        0xc debug\bluetooth.os
                0x00002594                enable_bluetooth
 .text.disable_bluetooth
                0x000025a0        0xc debug\bluetooth.os
                0x000025a0                disable_bluetooth
 .text.is_bluetooth_enabled
                0x000025ac       0x14 debug\bluetooth.os
                0x000025ac                is_bluetooth_enabled
 .text.bluetooth_close
                0x000025c0        0xc debug\bluetooth.os
                0x000025c0                bluetooth_close
 .text.bluetooth_enable_discoverability
                0x000025cc        0xc debug\bluetooth.os
                0x000025cc                bluetooth_enable_discoverability
 .text.bluetooth_is_discovering
                0x000025d8       0x14 debug\bluetooth.os
                0x000025d8                bluetooth_is_discovering
 .text.bluetooth_setup_client
                0x000025ec        0xc debug\bluetooth.os
                0x000025ec                bluetooth_setup_client
 .text.is_bluetooth_connected
                0x000025f8       0x14 debug\bluetooth.os
                0x000025f8                is_bluetooth_connected
 .text.bluetooth_message_start
                0x0000260c        0xc debug\bluetooth.os
                0x0000260c                bluetooth_message_start
 .text.bluetooth_message_write_float
                0x00002618       0x1c debug\bluetooth.os
                0x00002618                bluetooth_message_write_float
 .text.bluetooth_message_write_int
                0x00002634       0x1c debug\bluetooth.os
                0x00002634                bluetooth_message_write_int
 .text.bluetooth_message_send_current
                0x00002650        0xc debug\bluetooth.os
                0x00002650                bluetooth_message_send_current
 .text.is_bluetooth_message
                0x0000265c       0x14 debug\bluetooth.os
                0x0000265c                is_bluetooth_message
 .text.bluetooth_message_read_int
                0x00002670       0x14 debug\bluetooth.os
                0x00002670                bluetooth_message_read_int
 .text.bluetooth_message_read_float
                0x00002684       0x14 debug\bluetooth.os
                0x00002684                bluetooth_message_read_float
 .text.bluetooth_message_discard_current
                0x00002698        0xc debug\bluetooth.os
                0x00002698                bluetooth_message_discard_current
 .text.bluetooth_show_wrong_version_dialog
                0x000026a4        0xc debug\bluetooth.os
                0x000026a4                bluetooth_show_wrong_version_dialog
 .text._ZL19init_bluetooth_wrapv
                0x000026b0       0xa0 debug\bluetooth_register.os
 .text._ZL21enable_bluetooth_wrapv
                0x00002750       0x88 debug\bluetooth_register.os
 .text._ZL22disable_bluetooth_wrapv
                0x000027d8       0x88 debug\bluetooth_register.os
 .text._ZL25is_bluetooth_enabled_wrapv
                0x00002860       0xa0 debug\bluetooth_register.os
 .text._ZL20bluetooth_close_wrapv
                0x00002900       0x88 debug\bluetooth_register.os
 .text._ZL37bluetooth_enable_discoverability_wrapv
                0x00002988       0x88 debug\bluetooth_register.os
 .text._ZL29bluetooth_is_discovering_wrapv
                0x00002a10       0xa0 debug\bluetooth_register.os
 .text._ZL27bluetooth_setup_client_wrapv
                0x00002ab0       0x88 debug\bluetooth_register.os
 .text._ZL27is_bluetooth_connected_wrapv
                0x00002b38       0xa0 debug\bluetooth_register.os
 .text._ZL28bluetooth_message_start_wrapv
                0x00002bd8       0x88 debug\bluetooth_register.os
 .text._ZL34bluetooth_message_write_float_wrapPKc
                0x00002c60       0x98 debug\bluetooth_register.os
 .text._ZL32bluetooth_message_write_int_wrapi
                0x00002cf8       0x98 debug\bluetooth_register.os
 .text._ZL35bluetooth_message_send_current_wrapv
                0x00002d90       0x88 debug\bluetooth_register.os
 .text._ZL25is_bluetooth_message_wrapv
                0x00002e18       0xa0 debug\bluetooth_register.os
 .text._ZL38bluetooth_message_discard_current_wrapv
                0x00002eb8       0x88 debug\bluetooth_register.os
 .text._Z20bluetoothRegisterExtv
                0x00002f40      0x1a0 debug\bluetooth_register.os
                0x00002f40                bluetoothRegisterExt()
 .text.RegisterExt
                0x000030e0        0xc debug\bluetooth_register.os
                0x000030e0                RegisterExt
 .text.IwDebugTraceIsChannelOn
                0x000030ec      0x27c C:\Marmalade\7.8\s3e\edk\lib\android/libedk.a(IwDebug.o)
                0x000030ec                IwDebugTraceIsChannelOn
 .text.IwDebugTraceSetTraceChannel
                0x00003368       0x1c C:\Marmalade\7.8\s3e\edk\lib\android/libedk.a(IwDebug.o)
                0x00003368                IwDebugTraceSetTraceChannel
 .text.IwDebugTraceLineVPrintf
                0x00003384       0xfc C:\Marmalade\7.8\s3e\edk\lib\android/libedk.a(IwDebug.o)
                0x00003384                IwDebugTraceLineVPrintf
 .text.IwDebugTraceLinePrintf
                0x00003480       0x30 C:\Marmalade\7.8\s3e\edk\lib\android/libedk.a(IwDebug.o)
                0x00003480                IwDebugTraceLinePrintf
 .text.s3eEdkThreadRunOnOS
                0x000034b0       0x30 C:\Marmalade\7.8\s3e\edk\lib\android/libedk.a(edk_helpers.o)
                0x000034b0                s3eEdkThreadRunOnOS
 .text          0x000034e0       0x44 c:/android/ndk-r10d/toolchains/arm-linux-androideabi-4.8/prebuilt/windows/bin/../lib/gcc/arm-linux-androideabi/4.8/libgcc.a(_aeabi_ldivmod.o)
                0x000034e0                __aeabi_ldivmod
 .text          0x00003524       0x10 c:/android/ndk-r10d/toolchains/arm-linux-androideabi-4.8/prebuilt/windows/bin/../lib/gcc/arm-linux-androideabi/4.8/libgcc.a(_dvmd_lnx.o)
                0x00003524                __aeabi_idiv0
                0x00003524                __aeabi_ldiv0
 .text          0x00003534       0x78 c:/android/ndk-r10d/toolchains/arm-linux-androideabi-4.8/prebuilt/windows/bin/../lib/gcc/arm-linux-androideabi/4.8/libgcc.a(bpabi.o)
                0x00003534                __gnu_ldivmod_helper
                0x00003570                __gnu_uldivmod_helper
 .text          0x000035ac      0xeec c:/android/ndk-r10d/toolchains/arm-linux-androideabi-4.8/prebuilt/windows/bin/../lib/gcc/arm-linux-androideabi/4.8/libgcc.a(unwind-arm.o)
                0x00004128                __aeabi_unwind_cpp_pr0
                0x00004130                __aeabi_unwind_cpp_pr1
                0x00004138                __aeabi_unwind_cpp_pr2
                0x000039e4                _Unwind_GetCFA
                0x000039ec                __gnu_Unwind_RaiseException
                0x00003a90                __gnu_Unwind_ForcedUnwind
                0x00003aac                __gnu_Unwind_Resume
                0x00003b20                __gnu_Unwind_Resume_or_Rethrow
                0x00003b40                _Unwind_Complete
                0x00003b44                _Unwind_DeleteException
                0x00003b64                _Unwind_VRS_Get
                0x00003be8                _Unwind_VRS_Set
                0x00003c70                __gnu_Unwind_Backtrace
                0x00004140                _Unwind_VRS_Pop
 .text          0x00004498      0x1a8 c:/android/ndk-r10d/toolchains/arm-linux-androideabi-4.8/prebuilt/windows/bin/../lib/gcc/arm-linux-androideabi/4.8/libgcc.a(libunwind.o)
                0x00004498                __restore_core_regs
                0x00004498                restore_core_regs
                0x000044ac                __gnu_Unwind_Restore_VFP
                0x000044b4                __gnu_Unwind_Save_VFP
                0x000044bc                __gnu_Unwind_Restore_VFP_D
                0x000044c4                __gnu_Unwind_Save_VFP_D
                0x000044cc                __gnu_Unwind_Restore_VFP_D_16_to_31
                0x000044d4                __gnu_Unwind_Save_VFP_D_16_to_31
                0x000044dc                __gnu_Unwind_Restore_WMMXD
                0x00004520                __gnu_Unwind_Save_WMMXD
                0x00004564                __gnu_Unwind_Restore_WMMXC
                0x00004578                __gnu_Unwind_Save_WMMXC
                0x0000458c                ___Unwind_RaiseException
                0x0000458c                _Unwind_RaiseException
                0x000045b0                ___Unwind_Resume
                0x000045b0                _Unwind_Resume
                0x000045d4                ___Unwind_Resume_or_Rethrow
                0x000045d4                _Unwind_Resume_or_Rethrow
                0x000045f8                ___Unwind_ForcedUnwind
                0x000045f8                _Unwind_ForcedUnwind
                0x0000461c                ___Unwind_Backtrace
                0x0000461c                _Unwind_Backtrace
 .text          0x00004640      0x484 c:/android/ndk-r10d/toolchains/arm-linux-androideabi-4.8/prebuilt/windows/bin/../lib/gcc/arm-linux-androideabi/4.8/libgcc.a(pr-support.o)
                0x000046cc                __gnu_unwind_execute
                0x00004a48                __gnu_unwind_frame
                0x00004a88                _Unwind_GetRegionStart
                0x00004a98                _Unwind_GetLanguageSpecificData
                0x00004ab4                _Unwind_GetDataRelBase
                0x00004abc                _Unwind_GetTextRelBase
 .text          0x00004ac4      0x498 c:/android/ndk-r10d/toolchains/arm-linux-androideabi-4.8/prebuilt/windows/bin/../lib/gcc/arm-linux-androideabi/4.8/libgcc.a(_divdi3.o)
                0x00004ac4                __divdi3
 .text          0x00004f5c      0x404 c:/android/ndk-r10d/toolchains/arm-linux-androideabi-4.8/prebuilt/windows/bin/../lib/gcc/arm-linux-androideabi/4.8/libgcc.a(_udivdi3.o)
                0x00004f5c                __udivdi3
 .text          0xffffffffffffffff       0xc8 c:/android/ndk-r10d/toolchains/arm-linux-androideabi-4.8/prebuilt/windows/bin/../lib/gcc/arm-linux-androideabi/4.8/libgcc.a(_udivsi3.o)
                0x00005360                __udivsi3
                0x00005360                __aeabi_uidiv
                0x00005408                __aeabi_uidivmod

.rodata         0x00005428      0x772
 .rodata        0x00005428      0x274 debug\bluetooth_platform.os
 .rodata        0x0000569c      0x3e4 debug\bluetooth_register.os
 ** merge strings
                0x00005a80      0x11a

.ARM.extab      0x00005b9c       0x48
 .ARM.extab     0x00005b9c        0xc c:/android/ndk-r10d/toolchains/arm-linux-androideabi-4.8/prebuilt/windows/bin/../lib/gcc/arm-linux-androideabi/4.8/libgcc.a(_dvmd_lnx.o)
 .ARM.extab     0x00005ba8        0xc c:/android/ndk-r10d/toolchains/arm-linux-androideabi-4.8/prebuilt/windows/bin/../lib/gcc/arm-linux-androideabi/4.8/libgcc.a(unwind-arm.o)
 .ARM.extab     0x00005bb4       0x30 c:/android/ndk-r10d/toolchains/arm-linux-androideabi-4.8/prebuilt/windows/bin/../lib/gcc/arm-linux-androideabi/4.8/libgcc.a(pr-support.o)

.ARM.exidx      0x00005be4      0x128
 .ARM.exidx     0x00005be4        0x8 c:/android/ndk-r10d/toolchains/arm-linux-androideabi-4.8/prebuilt/windows/bin/../lib/gcc/arm-linux-androideabi/4.8/libgcc.a(_dvmd_lnx.o)
 .ARM.exidx     0xffffffffffffffff       0x10 c:/android/ndk-r10d/toolchains/arm-linux-androideabi-4.8/prebuilt/windows/bin/../lib/gcc/arm-linux-androideabi/4.8/libgcc.a(bpabi.o)
 .ARM.exidx     0xffffffffffffffff       0xd8 c:/android/ndk-r10d/toolchains/arm-linux-androideabi-4.8/prebuilt/windows/bin/../lib/gcc/arm-linux-androideabi/4.8/libgcc.a(unwind-arm.o)
 ** ARM cantunwind
                0x00005ca4        0x8
 .ARM.exidx     0x00005cac       0x48 c:/android/ndk-r10d/toolchains/arm-linux-androideabi-4.8/prebuilt/windows/bin/../lib/gcc/arm-linux-androideabi/4.8/libgcc.a(pr-support.o)
 .ARM.exidx     0x00005cf4        0x8 c:/android/ndk-r10d/toolchains/arm-linux-androideabi-4.8/prebuilt/windows/bin/../lib/gcc/arm-linux-androideabi/4.8/libgcc.a(_divdi3.o)
 .ARM.exidx     0x00005cfc        0x8 c:/android/ndk-r10d/toolchains/arm-linux-androideabi-4.8/prebuilt/windows/bin/../lib/gcc/arm-linux-androideabi/4.8/libgcc.a(_udivdi3.o)
 ** ARM cantunwind
                0x00005d04        0x8

.fini_array     0x00006e48        0x8
 .fini_array    0x00006e48        0x4 C:/android/ndk-r10d/platforms/android-14/arch-arm/usr/lib/crtbegin_so.o
 .fini_array    0x00006e4c        0x4 C:/android/ndk-r10d/platforms/android-14/arch-arm/usr/lib/crtend_so.o

.init_array     0x00006e50        0x8
 .init_array    0x00006e50        0x4 C:\Marmalade\7.8\s3e\edk\lib\android/libedk.a(IwDebug.o)
 .init_array    0x00006e54        0x4 C:/android/ndk-r10d/platforms/android-14/arch-arm/usr/lib/crtend_so.o

.dynamic        0x00006e58       0xe0
 ** dynamic     0x00006e58       0xe0

.got            0x00006f38       0xc8
 ** GOT         0x00006f38       0x6c
 ** GOT PLT     0x00006fa4       0x5c

.data           0x00007000        0x4
 .data          0x00007000        0x4 C:/android/ndk-r10d/platforms/android-14/arch-arm/usr/lib/crtbegin_so.o
                0x00007000                __dso_handle

.bss            0x00007004     0x1a74
 .bss           0x00007004       0x4c debug\bluetooth_platform.os
 .bss           0x00007050     0x1a28 C:\Marmalade\7.8\s3e\edk\lib\android/libedk.a(IwDebug.o)
                0x00007050                g_DebugGlobals
