Archive member included because of file (symbol)

C:\Marmalade\7.8\s3e\edk\lib\android/libedk.a(edk_helpers.o)
                              release\bluetooth_platform.os (s3eEdkThreadRunOnOS)

Discarded input sections

 .text          0x00000000       0x34 C:/android/ndk-r10d/platforms/android-14/arch-arm/usr/lib/crtbegin_so.o
 .bss           0x00000000        0x0 C:/android/ndk-r10d/platforms/android-14/arch-arm/usr/lib/crtbegin_so.o
 .note.GNU-stack
                0x00000000        0x0 C:/android/ndk-r10d/platforms/android-14/arch-arm/usr/lib/crtbegin_so.o
 .group         0x00000000        0x8 release\bluetooth_platform.os
 .group         0x00000000        0x8 release\bluetooth_platform.os
 .group         0x00000000        0x8 release\bluetooth_platform.os
 .group         0x00000000        0x8 release\bluetooth_platform.os
 .group         0x00000000        0x8 release\bluetooth_platform.os
 .text          0x00000000        0x0 release\bluetooth_platform.os
 .data          0x00000000        0x0 release\bluetooth_platform.os
 .note.GNU-stack
                0x00000000        0x0 release\bluetooth_platform.os
 .text          0x00000000        0x0 release\bluetooth.os
 .data          0x00000000        0x0 release\bluetooth.os
 .bss           0x00000000        0x0 release\bluetooth.os
 .note.GNU-stack
                0x00000000        0x0 release\bluetooth.os
 .text          0x00000000        0x0 release\bluetooth_register.os
 .data          0x00000000        0x0 release\bluetooth_register.os
 .bss           0x00000000        0x0 release\bluetooth_register.os
 .text._Z20bluetoothRegisterExtv
                0x00000000      0x194 release\bluetooth_register.os
 .note.GNU-stack
                0x00000000        0x0 release\bluetooth_register.os
 .text          0x00000000        0x0 C:\Marmalade\7.8\s3e\edk\lib\android/libedk.a(edk_helpers.o)
 .data          0x00000000        0x0 C:\Marmalade\7.8\s3e\edk\lib\android/libedk.a(edk_helpers.o)
 .bss           0x00000000        0x0 C:\Marmalade\7.8\s3e\edk\lib\android/libedk.a(edk_helpers.o)
 .text.s3eEdkErrorSetString
                0x00000000       0x30 C:\Marmalade\7.8\s3e\edk\lib\android/libedk.a(edk_helpers.o)
 .text.s3eEdkThreadRunOnOSAsync
                0x00000000       0x30 C:\Marmalade\7.8\s3e\edk\lib\android/libedk.a(edk_helpers.o)
 .note.GNU-stack
                0x00000000        0x0 C:\Marmalade\7.8\s3e\edk\lib\android/libedk.a(edk_helpers.o)
 .text          0x00000000        0x0 C:/android/ndk-r10d/platforms/android-14/arch-arm/usr/lib/crtend_so.o
 .data          0x00000000        0x0 C:/android/ndk-r10d/platforms/android-14/arch-arm/usr/lib/crtend_so.o
 .bss           0x00000000        0x0 C:/android/ndk-r10d/platforms/android-14/arch-arm/usr/lib/crtend_so.o
 .note.GNU-stack
                0x00000000        0x0 C:/android/ndk-r10d/platforms/android-14/arch-arm/usr/lib/crtend_so.o

Memory map

 ** file header
                0x00000000       0x34
 ** segment headers
                0x00000034       0xe0

.interp         0x00000114       0x13
 ** fill        0x00000114       0x13

.dynsym         0x00000128       0xd0
 ** dynsym      0x00000128       0xd0

.dynstr         0x000001f8       0xf1
 ** string table
                0x000001f8       0xf1

.hash           0x000002ec       0x48
 ** hash        0x000002ec       0x48

.rel.dyn        0x00000334       0xa8
 ** dynamic relocs
                0x00000334       0xa8

.rel.plt        0x000003dc       0x28
 ** dynamic relocs
                0x000003dc       0x28

.plt            0x00000404       0x50
 ** PLT         0x00000404       0x50

.text           0x00000454     0x1070
 .text.exit     0x00000454       0x10 C:/android/ndk-r10d/platforms/android-14/arch-arm/usr/lib/crtbegin_so.o
                0x00000454                __on_dlclose
 .text._ZL27s3eEdkAndroidFindClass_realPKc
                0x00000464       0xb8 release\bluetooth_platform.os
 .text._ZN7_JNIEnv9NewObjectEP7_jclassP10_jmethodIDz
                0x0000051c       0x38 release\bluetooth_platform.os
                0x0000051c                _JNIEnv::NewObject(_jclass*, _jmethodID*, ...)
 .text._ZN7_JNIEnv17CallBooleanMethodEP8_jobjectP10_jmethodIDz
                0x00000554       0x38 release\bluetooth_platform.os
                0x00000554                _JNIEnv::CallBooleanMethod(_jobject*, _jmethodID*, ...)
 .text._ZN7_JNIEnv13CallIntMethodEP8_jobjectP10_jmethodIDz
                0x0000058c       0x38 release\bluetooth_platform.os
                0x0000058c                _JNIEnv::CallIntMethod(_jobject*, _jmethodID*, ...)
 .text._ZN7_JNIEnv15CallFloatMethodEP8_jobjectP10_jmethodIDz
                0x000005c4       0x38 release\bluetooth_platform.os
                0x000005c4                _JNIEnv::CallFloatMethod(_jobject*, _jmethodID*, ...)
 .text._ZN7_JNIEnv14CallVoidMethodEP8_jobjectP10_jmethodIDz
                0x000005fc       0x38 release\bluetooth_platform.os
                0x000005fc                _JNIEnv::CallVoidMethod(_jobject*, _jmethodID*, ...)
 .text._Z22bluetoothInit_platformv
                0x00000634      0x504 release\bluetooth_platform.os
                0x00000634                bluetoothInit_platform()
 .text._Z27bluetoothTerminate_platformv
                0x00000b38        0x4 release\bluetooth_platform.os
                0x00000b38                bluetoothTerminate_platform()
 .text._Z23init_bluetooth_platformv
                0x00000b3c       0x58 release\bluetooth_platform.os
                0x00000b3c                init_bluetooth_platform()
 .text._Z25enable_bluetooth_platformv
                0x00000b94       0x50 release\bluetooth_platform.os
                0x00000b94                enable_bluetooth_platform()
 .text._Z26disable_bluetooth_platformv
                0x00000be4       0x50 release\bluetooth_platform.os
                0x00000be4                disable_bluetooth_platform()
 .text._Z29is_bluetooth_enabled_platformv
                0x00000c34       0x58 release\bluetooth_platform.os
                0x00000c34                is_bluetooth_enabled_platform()
 .text._Z24bluetooth_close_platformv
                0x00000c8c       0x50 release\bluetooth_platform.os
                0x00000c8c                bluetooth_close_platform()
 .text._Z41bluetooth_enable_discoverability_platformv
                0x00000cdc       0x50 release\bluetooth_platform.os
                0x00000cdc                bluetooth_enable_discoverability_platform()
 .text._Z33bluetooth_is_discovering_platformv
                0x00000d2c       0x58 release\bluetooth_platform.os
                0x00000d2c                bluetooth_is_discovering_platform()
 .text._Z31bluetooth_setup_client_platformv
                0x00000d84       0x50 release\bluetooth_platform.os
                0x00000d84                bluetooth_setup_client_platform()
 .text._Z31is_bluetooth_connected_platformv
                0x00000dd4       0x58 release\bluetooth_platform.os
                0x00000dd4                is_bluetooth_connected_platform()
 .text._Z32bluetooth_message_start_platformv
                0x00000e2c       0x50 release\bluetooth_platform.os
                0x00000e2c                bluetooth_message_start_platform()
 .text._Z38bluetooth_message_write_float_platformPKc
                0x00000e7c       0x70 release\bluetooth_platform.os
                0x00000e7c                bluetooth_message_write_float_platform(char const*)
 .text._Z36bluetooth_message_write_int_platformi
                0x00000eec       0x58 release\bluetooth_platform.os
                0x00000eec                bluetooth_message_write_int_platform(int)
 .text._Z39bluetooth_message_send_current_platformv
                0x00000f44       0x50 release\bluetooth_platform.os
                0x00000f44                bluetooth_message_send_current_platform()
 .text._Z29is_bluetooth_message_platformv
                0x00000f94       0x58 release\bluetooth_platform.os
                0x00000f94                is_bluetooth_message_platform()
 .text._Z35bluetooth_message_read_int_platformv
                0x00000fec       0x50 release\bluetooth_platform.os
                0x00000fec                bluetooth_message_read_int_platform()
 .text._Z37bluetooth_message_read_float_platformv
                0x0000103c       0x50 release\bluetooth_platform.os
                0x0000103c                bluetooth_message_read_float_platform()
 .text._Z42bluetooth_message_discard_current_platformv
                0x0000108c       0x50 release\bluetooth_platform.os
                0x0000108c                bluetooth_message_discard_current_platform()
 .text._Z44bluetooth_show_wrong_version_dialog_platformv
                0x000010dc       0x50 release\bluetooth_platform.os
                0x000010dc                bluetooth_show_wrong_version_dialog_platform()
 .text._Z13bluetoothInitv
                0x0000112c        0x4 release\bluetooth.os
                0x0000112c                bluetoothInit()
 .text._Z18bluetoothTerminatev
                0x00001130        0x4 release\bluetooth.os
                0x00001130                bluetoothTerminate()
 .text.init_bluetooth
                0x00001134        0x4 release\bluetooth.os
                0x00001134                init_bluetooth
 .text.enable_bluetooth
                0x00001138        0x4 release\bluetooth.os
                0x00001138                enable_bluetooth
 .text.disable_bluetooth
                0x0000113c        0x4 release\bluetooth.os
                0x0000113c                disable_bluetooth
 .text.is_bluetooth_enabled
                0x00001140        0x4 release\bluetooth.os
                0x00001140                is_bluetooth_enabled
 .text.bluetooth_close
                0x00001144        0x4 release\bluetooth.os
                0x00001144                bluetooth_close
 .text.bluetooth_enable_discoverability
                0x00001148        0x4 release\bluetooth.os
                0x00001148                bluetooth_enable_discoverability
 .text.bluetooth_is_discovering
                0x0000114c        0x4 release\bluetooth.os
                0x0000114c                bluetooth_is_discovering
 .text.bluetooth_setup_client
                0x00001150        0x4 release\bluetooth.os
                0x00001150                bluetooth_setup_client
 .text.is_bluetooth_connected
                0x00001154        0x4 release\bluetooth.os
                0x00001154                is_bluetooth_connected
 .text.bluetooth_message_start
                0x00001158        0x4 release\bluetooth.os
                0x00001158                bluetooth_message_start
 .text.bluetooth_message_write_float
                0x0000115c        0x4 release\bluetooth.os
                0x0000115c                bluetooth_message_write_float
 .text.bluetooth_message_write_int
                0x00001160        0x4 release\bluetooth.os
                0x00001160                bluetooth_message_write_int
 .text.bluetooth_message_send_current
                0x00001164        0x4 release\bluetooth.os
                0x00001164                bluetooth_message_send_current
 .text.is_bluetooth_message
                0x00001168        0x4 release\bluetooth.os
                0x00001168                is_bluetooth_message
 .text.bluetooth_message_read_int
                0x0000116c        0x4 release\bluetooth.os
                0x0000116c                bluetooth_message_read_int
 .text.bluetooth_message_read_float
                0x00001170        0x4 release\bluetooth.os
                0x00001170                bluetooth_message_read_float
 .text.bluetooth_message_discard_current
                0x00001174        0x4 release\bluetooth.os
                0x00001174                bluetooth_message_discard_current
 .text.bluetooth_show_wrong_version_dialog
                0x00001178        0x4 release\bluetooth.os
                0x00001178                bluetooth_show_wrong_version_dialog
 .text._ZL38bluetooth_message_discard_current_wrapv
                0x0000117c       0x14 release\bluetooth_register.os
 .text._ZL25is_bluetooth_message_wrapv
                0x00001190       0x24 release\bluetooth_register.os
 .text._ZL35bluetooth_message_send_current_wrapv
                0x000011b4       0x14 release\bluetooth_register.os
 .text._ZL32bluetooth_message_write_int_wrapi
                0x000011c8       0x18 release\bluetooth_register.os
 .text._ZL34bluetooth_message_write_float_wrapPKc
                0x000011e0       0x18 release\bluetooth_register.os
 .text._ZL28bluetooth_message_start_wrapv
                0x000011f8       0x14 release\bluetooth_register.os
 .text._ZL27is_bluetooth_connected_wrapv
                0x0000120c       0x24 release\bluetooth_register.os
 .text._ZL27bluetooth_setup_client_wrapv
                0x00001230       0x14 release\bluetooth_register.os
 .text._ZL29bluetooth_is_discovering_wrapv
                0x00001244       0x24 release\bluetooth_register.os
 .text._ZL37bluetooth_enable_discoverability_wrapv
                0x00001268       0x14 release\bluetooth_register.os
 .text._ZL20bluetooth_close_wrapv
                0x0000127c       0x14 release\bluetooth_register.os
 .text._ZL25is_bluetooth_enabled_wrapv
                0x00001290       0x24 release\bluetooth_register.os
 .text._ZL22disable_bluetooth_wrapv
                0x000012b4       0x14 release\bluetooth_register.os
 .text._ZL21enable_bluetooth_wrapv
                0x000012c8       0x14 release\bluetooth_register.os
 .text._ZL19init_bluetooth_wrapv
                0x000012dc       0x24 release\bluetooth_register.os
 .text.RegisterExt
                0x00001300      0x194 release\bluetooth_register.os
                0x00001300                RegisterExt
 .text.s3eEdkThreadRunOnOS
                0xffffffffffffffff       0x30 C:\Marmalade\7.8\s3e\edk\lib\android/libedk.a(edk_helpers.o)
                0x00001494                s3eEdkThreadRunOnOS

.rodata         0x000014c4      0x224
 ** merge strings
                0x000014c4      0x224

.fini_array     0x00002ea4        0x8
 .fini_array    0x00002ea4        0x4 C:/android/ndk-r10d/platforms/android-14/arch-arm/usr/lib/crtbegin_so.o
 .fini_array    0x00002ea8        0x4 C:/android/ndk-r10d/platforms/android-14/arch-arm/usr/lib/crtend_so.o

.init_array     0x00002eac        0x4
 .init_array    0x00002eac        0x4 C:/android/ndk-r10d/platforms/android-14/arch-arm/usr/lib/crtend_so.o

.dynamic        0x00002eb0       0xe0
 ** dynamic     0x00002eb0       0xe0

.got            0x00002f90       0x70
 ** GOT         0x00002f90       0x50
 ** GOT PLT     0x00002fe0       0x20

.data           0x00003000        0x4
 .data          0x00003000        0x4 C:/android/ndk-r10d/platforms/android-14/arch-arm/usr/lib/crtbegin_so.o
                0x00003000                __dso_handle

.bss            0x00003004       0x4c
 .bss           0x00003004       0x4c release\bluetooth_platform.os
